// Jest Snapshot v1, https://goo.gl/fbAQLP

exports[`should render EditWordPage correctly 1`] = `
<div>
  <WordForm
    onSubmit={[Function]}
    word={
      Object {
        "destination": "nisam",
        "easeFactor": 1.5,
        "easeFactorInverted": 1.5,
        "id": "2",
        "interval": 2,
        "intervalInverted": 2,
        "repeatAt": 1024,
        "repeatAtInverted": 1024,
        "reps": 1,
        "repsInverted": 1,
        "source": "bin ich nicht",
      }
    }
  />
  <button
    onClick={[Function]}
  >
    Remove
  </button>
</div>
`;
